1214 chunks, 0 already indexed, 1214 to go
  10/1214  ok            39.1s  recent  58.0s/chunk  eta  19.4h  elapsed 0.2h
  20/1214  ok            55.4s  recent  52.8s/chunk  eta  17.5h  elapsed 0.3h
  30/1214  ok            38.5s  recent  49.9s/chunk  eta  16.4h  elapsed 0.4h
1214 chunks, 31 already indexed, 1183 to go
  10/1183  ok            83.7s  recent  60.9s/chunk  eta  19.8h  elapsed 0.2h
  20/1183  ok            32.2s  recent  75.4s/chunk  eta  24.4h  elapsed 0.4h
  30/1183  ok            42.2s  recent  78.6s/chunk  eta  25.2h  elapsed 0.7h
  40/1183  ok            79.7s  recent  73.8s/chunk  eta  23.4h  elapsed 0.8h
  50/1183  ok            29.8s  recent  71.2s/chunk  eta  22.4h  elapsed 1.0h
  60/1183  ok            71.3s  recent  67.9s/chunk  eta  21.2h  elapsed 1.1h
  70/1183  ok            30.8s  recent  58.9s/chunk  eta  18.2h  elapsed 1.2h
  80/1183  ok            55.8s  recent  55.5s/chunk  eta  17.0h  elapsed 1.4h
  90/1183  ok            59.8s  recent  58.3s/chunk  eta  17.7h  elapsed 1.6h
  100/1183  ok            30.6s  recent  71.4s/chunk  eta  21.5h  elapsed 2.0h
  110/1183  ok            43.5s  recent  82.8s/chunk  eta  24.7h  elapsed 2.3h
  120/1183  ok            36.4s  recent  82.6s/chunk  eta  24.4h  elapsed 2.4h
  130/1183  ok            37.8s  recent  79.1s/chunk  eta  23.2h  elapsed 2.5h
  140/1183  ok            19.5s  recent  77.8s/chunk  eta  22.5h  elapsed 2.7h
  150/1183  ok           108.5s  recent  67.9s/chunk  eta  19.5h  elapsed 2.9h
  160/1183  ok            38.8s  recent  61.1s/chunk  eta  17.4h  elapsed 3.1h
  170/1183  ok            26.6s  recent  61.9s/chunk  eta  17.4h  elapsed 3.2h
  180/1183  ok            42.2s  recent  60.6s/chunk  eta  16.9h  elapsed 3.4h
  190/1183  ok            31.6s  recent  64.7s/chunk  eta  17.8h  elapsed 3.6h
  200/1183  ok            91.1s  recent  59.5s/chunk  eta  16.2h  elapsed 3.7h
  210/1183  ok            29.1s  recent  54.3s/chunk  eta  14.7h  elapsed 3.9h
  220/1183  truncated    360.2s  recent  67.6s/chunk  eta  18.1h  elapsed 4.2h
  230/1183  ok            50.2s  recent  69.3s/chunk  eta  18.4h  elapsed 4.3h
  240/1183  ok            54.1s  recent  69.3s/chunk  eta  18.2h  elapsed 4.6h
  250/1183  ok            38.8s  recent  70.9s/chunk  eta  18.4h  elapsed 4.7h
  260/1183  ok            73.7s  recent  80.1s/chunk  eta  20.5h  elapsed 5.0h
  270/1183  ok            50.0s  recent  66.8s/chunk  eta  16.9h  elapsed 5.1h
  280/1183  ok            47.6s  recent  66.1s/chunk  eta  16.6h  elapsed 5.2h
  290/1183  ok            99.4s  recent  59.3s/chunk  eta  14.7h  elapsed 5.4h
  300/1183  ok            44.8s  recent  58.2s/chunk  eta  14.3h  elapsed 5.5h
  310/1183  ok            65.0s  recent  59.9s/chunk  eta  14.5h  elapsed 5.8h
  320/1183  ok            14.8s  recent  58.5s/chunk  eta  14.0h  elapsed 5.9h
  330/1183  ok           175.1s  recent  63.4s/chunk  eta  15.0h  elapsed 6.1h
  340/1183  ok            46.3s  recent  63.4s/chunk  eta  14.9h  elapsed 6.3h
  350/1183  ok            74.6s  recent  66.5s/chunk  eta  15.4h  elapsed 6.5h
  360/1183  ok            35.9s  recent  58.0s/chunk  eta  13.3h  elapsed 6.6h
  370/1183  ok            55.3s  recent  57.5s/chunk  eta  13.0h  elapsed 6.7h
  380/1183  ok            43.4s  recent  63.2s/chunk  eta  14.1h  elapsed 7.0h
  390/1183  ok            65.8s  recent  62.6s/chunk  eta  13.8h  elapsed 7.1h
  400/1183  ok            15.3s  recent  61.6s/chunk  eta  13.4h  elapsed 7.3h
  410/1183  ok            26.6s  recent  69.2s/chunk  eta  14.8h  elapsed 7.6h
  420/1183  ok            40.3s  recent  69.7s/chunk  eta  14.8h  elapsed 7.7h
  430/1183  ok            62.9s  recent  64.6s/chunk  eta  13.5h  elapsed 7.9h
  440/1183  ok           123.8s  recent  66.4s/chunk  eta  13.7h  elapsed 8.1h
  450/1183  ok            58.5s  recent  68.0s/chunk  eta  13.8h  elapsed 8.3h
  460/1183  ok            49.7s  recent  67.1s/chunk  eta  13.5h  elapsed 8.5h
  470/1183  ok            34.6s  recent  73.5s/chunk  eta  14.6h  elapsed 8.7h
  480/1183  ok            31.5s  recent  68.1s/chunk  eta  13.3h  elapsed 8.8h
  490/1183  ok            53.1s  recent  67.3s/chunk  eta  12.9h  elapsed 9.0h
  500/1183  ok           105.3s  recent  67.7s/chunk  eta  12.8h  elapsed 9.2h
  510/1183  ok            84.0s  recent  62.1s/chunk  eta  11.6h  elapsed 9.4h
  520/1183  ok            79.9s  recent  60.7s/chunk  eta  11.2h  elapsed 9.6h
  530/1183  ok            27.3s  recent  58.9s/chunk  eta  10.7h  elapsed 9.7h
  540/1183  ok            23.7s  recent  62.9s/chunk  eta  11.2h  elapsed 9.9h
  550/1183  ok            30.5s  recent  61.2s/chunk  eta  10.8h  elapsed 10.1h
  560/1183  truncated    371.3s  recent  66.1s/chunk  eta  11.4h  elapsed 10.3h
  570/1183  ok            44.5s  recent  65.9s/chunk  eta  11.2h  elapsed 10.5h
  580/1183  ok            38.3s  recent  66.6s/chunk  eta  11.2h  elapsed 10.6h
  590/1183  ok            37.8s  recent  71.6s/chunk  eta  11.8h  elapsed 10.9h
  600/1183  ok            57.2s  recent  78.2s/chunk  eta  12.7h  elapsed 11.1h
  610/1183  ok            47.6s  recent  78.8s/chunk  eta  12.5h  elapsed 11.4h
  620/1183  ok            39.8s  recent  81.3s/chunk  eta  12.7h  elapsed 11.6h
  630/1183  ok            33.0s  recent  85.0s/chunk  eta  13.1h  elapsed 11.8h
  640/1183  ok            49.3s  recent  74.6s/chunk  eta  11.2h  elapsed 11.9h
  650/1183  ok            49.0s  recent  77.8s/chunk  eta  11.5h  elapsed 12.2h
  660/1183  ok           120.6s  recent  75.7s/chunk  eta  11.0h  elapsed 12.4h
  670/1183  ok            29.4s  recent  70.4s/chunk  eta  10.0h  elapsed 12.6h
  680/1183  ok           112.5s  recent  73.3s/chunk  eta  10.2h  elapsed 12.8h
  690/1183  ok            64.3s  recent  76.0s/chunk  eta  10.4h  elapsed 13.0h
  700/1183  ok            55.9s  recent  71.4s/chunk  eta   9.6h  elapsed 13.2h
  710/1183  ok            26.7s  recent  64.6s/chunk  eta   8.5h  elapsed 13.3h
  720/1183  ok            37.0s  recent  63.4s/chunk  eta   8.1h  elapsed 13.5h
  730/1183  ok            22.0s  recent  55.0s/chunk  eta   6.9h  elapsed 13.6h
  740/1183  ok            68.8s  recent  52.8s/chunk  eta   6.5h  elapsed 13.7h
  750/1183  ok            61.8s  recent  45.2s/chunk  eta   5.4h  elapsed 13.8h
  760/1183  ok            22.4s  recent  46.3s/chunk  eta   5.4h  elapsed 14.0h
  770/1183  ok            46.4s  recent  46.4s/chunk  eta   5.3h  elapsed 14.1h
  780/1183  ok            63.5s  recent  50.2s/chunk  eta   5.6h  elapsed 14.3h
  790/1183  ok            32.1s  recent  48.8s/chunk  eta   5.3h  elapsed 14.4h
  800/1183  ok            64.6s  recent  49.2s/chunk  eta   5.2h  elapsed 14.5h
  810/1183  ok            22.1s  recent  60.5s/chunk  eta   6.3h  elapsed 14.8h
  820/1183  ok           109.5s  recent  69.5s/chunk  eta   7.0h  elapsed 15.1h
  830/1183  ok            42.8s  recent  65.1s/chunk  eta   6.4h  elapsed 15.2h
  840/1183  ok            19.2s  recent  66.1s/chunk  eta   6.3h  elapsed 15.3h
  850/1183  ok            28.5s  recent  61.8s/chunk  eta   5.7h  elapsed 15.4h
  860/1183  ok            31.0s  recent  55.6s/chunk  eta   5.0h  elapsed 15.6h
  870/1183  ok            67.4s  recent  45.7s/chunk  eta   4.0h  elapsed 15.7h
  880/1183  ok            31.8s  recent  48.1s/chunk  eta   4.0h  elapsed 15.8h
  890/1183  ok            43.7s  recent  50.3s/chunk  eta   4.1h  elapsed 16.0h
  900/1183  ok            30.7s  recent  52.0s/chunk  eta   4.1h  elapsed 16.1h
  910/1183  ok            19.8s  recent  48.9s/chunk  eta   3.7h  elapsed 16.3h
  920/1183  ok            25.5s  recent  53.3s/chunk  eta   3.9h  elapsed 16.4h
  930/1183  ok            52.9s  recent  64.7s/chunk  eta   4.6h  elapsed 16.7h
  940/1183  ok            55.8s  recent  68.5s/chunk  eta   4.6h  elapsed 16.9h
  950/1183  ok            65.1s  recent  69.5s/chunk  eta   4.5h  elapsed 17.1h
  960/1183  ok            42.3s  recent  66.4s/chunk  eta   4.1h  elapsed 17.2h
  970/1183  ok            57.6s  recent  62.7s/chunk  eta   3.7h  elapsed 17.3h
  980/1183  ok            39.4s  recent  51.4s/chunk  eta   2.9h  elapsed 17.4h
  990/1183  ok            75.3s  recent  52.0s/chunk  eta   2.8h  elapsed 17.7h
  1000/1183  ok            27.2s  recent  50.2s/chunk  eta   2.5h  elapsed 17.8h
  1010/1183  ok            66.0s  recent  54.1s/chunk  eta   2.6h  elapsed 17.9h
  1020/1183  ok            36.5s  recent  61.2s/chunk  eta   2.8h  elapsed 18.2h
  1030/1183  ok            25.5s  recent  63.0s/chunk  eta   2.7h  elapsed 18.3h
  1040/1183  ok            45.8s  recent  57.2s/chunk  eta   2.3h  elapsed 18.5h
  1050/1183  ok            49.1s  recent  57.1s/chunk  eta   2.1h  elapsed 18.6h
  1060/1183  ok            28.0s  recent  53.2s/chunk  eta   1.8h  elapsed 18.7h
  1070/1183  ok            33.6s  recent  53.2s/chunk  eta   1.7h  elapsed 18.9h
  1080/1183  ok            28.7s  recent  58.7s/chunk  eta   1.7h  elapsed 19.1h
  1090/1183  ok            77.9s  recent  57.4s/chunk  eta   1.5h  elapsed 19.3h
  1100/1183  ok            53.5s  recent  65.3s/chunk  eta   1.5h  elapsed 19.5h
  1110/1183  ok            39.4s  recent  77.2s/chunk  eta   1.6h  elapsed 19.8h
  1120/1183  ok           159.5s  recent  86.0s/chunk  eta   1.5h  elapsed 20.1h
  1130/1183  ok            66.5s  recent  86.4s/chunk  eta   1.3h  elapsed 20.3h
  1140/1183  ok            46.6s  recent  87.0s/chunk  eta   1.0h  elapsed 20.5h
  1150/1183  ok            27.2s  recent  82.4s/chunk  eta   0.8h  elapsed 20.6h
  1160/1183  ok            43.2s  recent  77.1s/chunk  eta   0.5h  elapsed 20.8h
  1170/1183  ok            77.0s  recent  66.4s/chunk  eta   0.2h  elapsed 21.0h
  1180/1183  ok            98.2s  recent  62.8s/chunk  eta   0.1h  elapsed 21.2h
  1183/1183  ok            40.7s  recent  62.1s/chunk  eta   0.0h  elapsed 21.2h
index complete
