  10/1381 queries · 3m elapsed
  20/1381 queries · 8m elapsed
  30/1381 queries · 13m elapsed
  40/1381 queries · 17m elapsed
  50/1381 queries · 21m elapsed
  60/1381 queries · 25m elapsed
  70/1381 queries · 29m elapsed
  80/1381 queries · 33m elapsed
  90/1381 queries · 37m elapsed
  100/1381 queries · 42m elapsed
  110/1381 queries · 47m elapsed
  120/1381 queries · 50m elapsed
  130/1381 queries · 55m elapsed
  140/1381 queries · 58m elapsed
  150/1381 queries · 63m elapsed
  160/1381 queries · 67m elapsed
  170/1381 queries · 72m elapsed
  180/1381 queries · 76m elapsed
  190/1381 queries · 80m elapsed
  200/1381 queries · 84m elapsed
  210/1381 queries · 89m elapsed
  220/1381 queries · 93m elapsed
  230/1381 queries · 97m elapsed
  240/1381 queries · 102m elapsed
  250/1381 queries · 105m elapsed
  260/1381 queries · 109m elapsed
  270/1381 queries · 113m elapsed
  280/1381 queries · 118m elapsed
  290/1381 queries · 122m elapsed
  300/1381 queries · 126m elapsed
  310/1381 queries · 130m elapsed
  320/1381 queries · 134m elapsed
  330/1381 queries · 138m elapsed
  340/1381 queries · 143m elapsed
  350/1381 queries · 146m elapsed
  360/1381 queries · 151m elapsed
  370/1381 queries · 156m elapsed
  380/1381 queries · 159m elapsed
  390/1381 queries · 164m elapsed
  400/1381 queries · 168m elapsed
  410/1381 queries · 172m elapsed
  420/1381 queries · 176m elapsed
Traceback (most recent call last):
  File "/Users/net/Documents/001-personal-projects/sovereign-rag/ops/stage3_pilot.py", line 189, in <module>
    main()
  File "/Users/net/Documents/001-personal-projects/sovereign-rag/ops/stage3_pilot.py", line 178, in main
    ans, meta = generate(prompt)
                ^^^^^^^^^^^^^^^^
  File "/Users/net/Documents/001-personal-projects/sovereign-rag/ops/stage3_pilot.py", line 95, in generate
    with urllib.request.urlopen(req, timeout=600) as r:
         ^^^^^^^^^^^^^^^^^^^^^^^^^^^^^^^^^^^^^^^^
  File "/Users/net/.local/share/uv/python/cpython-3.11.15-macos-aarch64-none/lib/python3.11/urllib/request.py", line 216, in urlopen
    return opener.open(url, data, timeout)
           ^^^^^^^^^^^^^^^^^^^^^^^^^^^^^^^
  File "/Users/net/.local/share/uv/python/cpython-3.11.15-macos-aarch64-none/lib/python3.11/urllib/request.py", line 519, in open
    response = self._open(req, data)
               ^^^^^^^^^^^^^^^^^^^^^
  File "/Users/net/.local/share/uv/python/cpython-3.11.15-macos-aarch64-none/lib/python3.11/urllib/request.py", line 536, in _open
    result = self._call_chain(self.handle_open, protocol, protocol +
             ^^^^^^^^^^^^^^^^^^^^^^^^^^^^^^^^^^^^^^^^^^^^^^^^^^^^^^^
  File "/Users/net/.local/share/uv/python/cpython-3.11.15-macos-aarch64-none/lib/python3.11/urllib/request.py", line 496, in _call_chain
    result = func(*args)
             ^^^^^^^^^^^
  File "/Users/net/.local/share/uv/python/cpython-3.11.15-macos-aarch64-none/lib/python3.11/urllib/request.py", line 1377, in http_open
    return self.do_open(http.client.HTTPConnection, req)
           ^^^^^^^^^^^^^^^^^^^^^^^^^^^^^^^^^^^^^^^^^^^^^
  File "/Users/net/.local/share/uv/python/cpython-3.11.15-macos-aarch64-none/lib/python3.11/urllib/request.py", line 1352, in do_open
    r = h.getresponse()
        ^^^^^^^^^^^^^^^
  File "/Users/net/.local/share/uv/python/cpython-3.11.15-macos-aarch64-none/lib/python3.11/http/client.py", line 1415, in getresponse
    response.begin()
  File "/Users/net/.local/share/uv/python/cpython-3.11.15-macos-aarch64-none/lib/python3.11/http/client.py", line 330, in begin
    version, status, reason = self._read_status()
                              ^^^^^^^^^^^^^^^^^^^
  File "/Users/net/.local/share/uv/python/cpython-3.11.15-macos-aarch64-none/lib/python3.11/http/client.py", line 291, in _read_status
    line = str(self.fp.readline(_MAXLINE + 1), "iso-8859-1")
               ^^^^^^^^^^^^^^^^^^^^^^^^^^^^^^
  File "/Users/net/.local/share/uv/python/cpython-3.11.15-macos-aarch64-none/lib/python3.11/socket.py", line 718, in readinto
    return self._sock.recv_into(b)
           ^^^^^^^^^^^^^^^^^^^^^^^
TimeoutError: timed out
  10/1381 queries · 0m elapsed
  20/1381 queries · 0m elapsed
  30/1381 queries · 0m elapsed
  40/1381 queries · 0m elapsed
  50/1381 queries · 0m elapsed
  60/1381 queries · 0m elapsed
  70/1381 queries · 0m elapsed
  80/1381 queries · 0m elapsed
  90/1381 queries · 0m elapsed
  100/1381 queries · 0m elapsed
  110/1381 queries · 0m elapsed
  120/1381 queries · 0m elapsed
  130/1381 queries · 0m elapsed
  140/1381 queries · 0m elapsed
  150/1381 queries · 0m elapsed
  160/1381 queries · 0m elapsed
  170/1381 queries · 0m elapsed
  180/1381 queries · 0m elapsed
  190/1381 queries · 0m elapsed
  200/1381 queries · 0m elapsed
  210/1381 queries · 0m elapsed
  220/1381 queries · 0m elapsed
  230/1381 queries · 0m elapsed
  240/1381 queries · 0m elapsed
  250/1381 queries · 0m elapsed
  260/1381 queries · 0m elapsed
  270/1381 queries · 0m elapsed
  280/1381 queries · 0m elapsed
  290/1381 queries · 0m elapsed
  300/1381 queries · 0m elapsed
  310/1381 queries · 0m elapsed
  320/1381 queries · 0m elapsed
  330/1381 queries · 0m elapsed
  340/1381 queries · 0m elapsed
  350/1381 queries · 0m elapsed
  360/1381 queries · 0m elapsed
  370/1381 queries · 0m elapsed
  380/1381 queries · 0m elapsed
  390/1381 queries · 0m elapsed
  400/1381 queries · 0m elapsed
  410/1381 queries · 0m elapsed
  420/1381 queries · 0m elapsed
  10/1381 queries · 0m elapsed
  20/1381 queries · 0m elapsed
  30/1381 queries · 0m elapsed
  40/1381 queries · 0m elapsed
  50/1381 queries · 0m elapsed
  60/1381 queries · 0m elapsed
  70/1381 queries · 0m elapsed
  80/1381 queries · 0m elapsed
  90/1381 queries · 0m elapsed
  100/1381 queries · 0m elapsed
  110/1381 queries · 0m elapsed
  120/1381 queries · 0m elapsed
  130/1381 queries · 0m elapsed
  140/1381 queries · 0m elapsed
  150/1381 queries · 0m elapsed
  160/1381 queries · 0m elapsed
  170/1381 queries · 0m elapsed
  180/1381 queries · 0m elapsed
  190/1381 queries · 0m elapsed
  200/1381 queries · 0m elapsed
  210/1381 queries · 0m elapsed
  220/1381 queries · 0m elapsed
  230/1381 queries · 0m elapsed
  240/1381 queries · 0m elapsed
  250/1381 queries · 0m elapsed
  260/1381 queries · 0m elapsed
  270/1381 queries · 0m elapsed
  280/1381 queries · 0m elapsed
  290/1381 queries · 0m elapsed
  300/1381 queries · 0m elapsed
  310/1381 queries · 0m elapsed
  320/1381 queries · 0m elapsed
  330/1381 queries · 0m elapsed
  340/1381 queries · 0m elapsed
  350/1381 queries · 0m elapsed
  360/1381 queries · 0m elapsed
  370/1381 queries · 0m elapsed
  380/1381 queries · 0m elapsed
  390/1381 queries · 0m elapsed
  400/1381 queries · 0m elapsed
  410/1381 queries · 0m elapsed
  420/1381 queries · 0m elapsed
  430/1381 queries · 15m elapsed
  440/1381 queries · 19m elapsed
  450/1381 queries · 23m elapsed
  460/1381 queries · 27m elapsed
  470/1381 queries · 31m elapsed
  480/1381 queries · 35m elapsed
  490/1381 queries · 40m elapsed
  500/1381 queries · 43m elapsed
  510/1381 queries · 48m elapsed
  520/1381 queries · 52m elapsed
  530/1381 queries · 56m elapsed
  540/1381 queries · 60m elapsed
  550/1381 queries · 65m elapsed
  560/1381 queries · 70m elapsed
  570/1381 queries · 74m elapsed
  580/1381 queries · 78m elapsed
  590/1381 queries · 82m elapsed
  600/1381 queries · 86m elapsed
  610/1381 queries · 90m elapsed
  620/1381 queries · 95m elapsed
  630/1381 queries · 100m elapsed
  640/1381 queries · 104m elapsed
  650/1381 queries · 108m elapsed
  660/1381 queries · 112m elapsed
  670/1381 queries · 117m elapsed
  680/1381 queries · 121m elapsed
  690/1381 queries · 125m elapsed
  700/1381 queries · 130m elapsed
  710/1381 queries · 134m elapsed
  720/1381 queries · 139m elapsed
  730/1381 queries · 143m elapsed
  740/1381 queries · 146m elapsed
  750/1381 queries · 150m elapsed
  760/1381 queries · 155m elapsed
  770/1381 queries · 160m elapsed
  780/1381 queries · 163m elapsed
  790/1381 queries · 168m elapsed
  800/1381 queries · 172m elapsed
  810/1381 queries · 176m elapsed
  820/1381 queries · 181m elapsed
  830/1381 queries · 184m elapsed
  840/1381 queries · 189m elapsed
  850/1381 queries · 193m elapsed
  860/1381 queries · 198m elapsed
  870/1381 queries · 202m elapsed
  880/1381 queries · 206m elapsed
  890/1381 queries · 210m elapsed
  900/1381 queries · 214m elapsed
  910/1381 queries · 219m elapsed
  920/1381 queries · 223m elapsed
  930/1381 queries · 227m elapsed
  940/1381 queries · 231m elapsed
  950/1381 queries · 236m elapsed
  960/1381 queries · 239m elapsed
  970/1381 queries · 244m elapsed
  980/1381 queries · 248m elapsed
  990/1381 queries · 252m elapsed
  1000/1381 queries · 256m elapsed
  1010/1381 queries · 261m elapsed
  1020/1381 queries · 265m elapsed
  1030/1381 queries · 269m elapsed
  1040/1381 queries · 273m elapsed
  1050/1381 queries · 277m elapsed
  1060/1381 queries · 282m elapsed
  1070/1381 queries · 285m elapsed
  1080/1381 queries · 290m elapsed
  1090/1381 queries · 294m elapsed
  1100/1381 queries · 298m elapsed
  1110/1381 queries · 302m elapsed
  1120/1381 queries · 306m elapsed
  1130/1381 queries · 310m elapsed
  1140/1381 queries · 315m elapsed
  1150/1381 queries · 319m elapsed
  1160/1381 queries · 323m elapsed
  1170/1381 queries · 327m elapsed
  1180/1381 queries · 331m elapsed
  1190/1381 queries · 336m elapsed
  1200/1381 queries · 340m elapsed
  1210/1381 queries · 344m elapsed
  1220/1381 queries · 349m elapsed
  1230/1381 queries · 352m elapsed
  1240/1381 queries · 357m elapsed
  1250/1381 queries · 361m elapsed
  1260/1381 queries · 366m elapsed
  1270/1381 queries · 370m elapsed
  1280/1381 queries · 374m elapsed
  1290/1381 queries · 378m elapsed
  1300/1381 queries · 382m elapsed
  1310/1381 queries · 387m elapsed
  1320/1381 queries · 392m elapsed
  1330/1381 queries · 396m elapsed
  1340/1381 queries · 401m elapsed
  1350/1381 queries · 405m elapsed
  1360/1381 queries · 410m elapsed
  1370/1381 queries · 414m elapsed
  1380/1381 queries · 419m elapsed
pilot generation complete
